{
  "version": "1.5.0",
  "plugins_used": [
    {
      "name": "ArtifactoryDetector"
    },
    {
      "name": "AWSKeyDetector"
    },
    {
      "name": "AzureStorageKeyDetector"
    },
    {
      "name": "Base64HighEntropyString",
      "limit": 4.5
    },
    {
      "name": "BasicAuthDetector"
    },
    {
      "name": "CloudantDetector"
    },
    {
      "name": "DiscordBotTokenDetector"
    },
    {
      "name": "GitHubTokenDetector"
    },
    {
      "name": "GitLabTokenDetector"
    },
    {
      "name": "HexHighEntropyString",
      "limit": 3.0
    },
    {
      "name": "IbmCloudIamDetector"
    },
    {
      "name": "IbmCosHmacDetector"
    },
    {
      "name": "IPPublicDetector"
    },
    {
      "name": "JwtTokenDetector"
    },
    {
      "name": "KeywordDetector",
      "keyword_exclude": ""
    },
    {
      "name": "MailchimpDetector"
    },
    {
      "name": "NpmDetector"
    },
    {
      "name": "OpenAIDetector"
    },
    {
      "name": "PrivateKeyDetector"
    },
    {
      "name": "PypiTokenDetector"
    },
    {
      "name": "SendGridDetector"
    },
    {
      "name": "SlackDetector"
    },
    {
      "name": "SoftlayerDetector"
    },
    {
      "name": "SquareOAuthDetector"
    },
    {
      "name": "StripeDetector"
    },
    {
      "name": "TelegramBotTokenDetector"
    },
    {
      "name": "TwilioKeyDetector"
    }
  ],
  "filters_used": [
    {
      "path": "detect_secrets.filters.allowlist.is_line_allowlisted"
    },
    {
      "path": "detect_secrets.filters.common.is_baseline_file",
      "filename": ".secrets.baseline"
    },
    {
      "path": "detect_secrets.filters.common.is_ignored_due_to_verification_policies",
      "min_level": 2
    },
    {
      "path": "detect_secrets.filters.heuristic.is_indirect_reference"
    },
    {
      "path": "detect_secrets.filters.heuristic.is_likely_id_string"
    },
    {
      "path": "detect_secrets.filters.heuristic.is_lock_file"
    },
    {
      "path": "detect_secrets.filters.heuristic.is_not_alphanumeric_string"
    },
    {
      "path": "detect_secrets.filters.heuristic.is_potential_uuid"
    },
    {
      "path": "detect_secrets.filters.heuristic.is_prefixed_with_dollar_sign"
    },
    {
      "path": "detect_secrets.filters.heuristic.is_sequential_string"
    },
    {
      "path": "detect_secrets.filters.heuristic.is_swagger_file"
    },
    {
      "path": "detect_secrets.filters.heuristic.is_templated_secret"
    },
    {
      "path": "detect_secrets.filters.regex.should_exclude_file",
      "pattern": [
        "package-lock\\.json|venv/|node_modules/"
      ]
    }
  ],
  "results": {
    ".env.example": [
      {
        "type": "Basic Auth Credentials",
        "filename": ".env.example",
        "hashed_secret": "5baa61e4c9b93f3f0682250b6cf8331b7ee68fd8",
        "is_verified": false,
        "line_number": 25
      }
    ],
    "backend/alembic/README.md": [
      {
        "type": "Basic Auth Credentials",
        "filename": "backend/alembic/README.md",
        "hashed_secret": "9d4e1e23bd5b727046a9e3b4b7db57bd8d6ee684",
        "is_verified": false,
        "line_number": 42
      }
    ],
    "backend/main.py": [
      {
        "type": "Secret Keyword",
        "filename": "backend/main.py",
        "hashed_secret": "89ab0be5dd7566822f06d068737f0a9c4c45bc30",
        "is_verified": false,
        "line_number": 105
      },
      {
        "type": "Secret Keyword",
        "filename": "backend/main.py",
        "hashed_secret": "761560385da8f27b519cd44ccc04208f933d75d8",
        "is_verified": false,
        "line_number": 111
      }
    ],
    "backend/routes/auth.py": [
      {
        "type": "Secret Keyword",
        "filename": "backend/routes/auth.py",
        "hashed_secret": "44cdfc3615970ada14420caaaa5c5745fca06002",
        "is_verified": false,
        "line_number": 45
      },
      {
        "type": "JSON Web Token",
        "filename": "backend/routes/auth.py",
        "hashed_secret": "56d95f2cb245176253928857bca1c377e8b3c6a8",
        "is_verified": false,
        "line_number": 63
      }
    ],
    "backend/scripts/backup_database.py": [
      {
        "type": "Basic Auth Credentials",
        "filename": "backend/scripts/backup_database.py",
        "hashed_secret": "9d4e1e23bd5b727046a9e3b4b7db57bd8d6ee684",
        "is_verified": false,
        "line_number": 44
      }
    ],
    "backend/services/audit_service.py": [
      {
        "type": "Secret Keyword",
        "filename": "backend/services/audit_service.py",
        "hashed_secret": "0e698af27b37767a10f36213f01341d6db447bed",
        "is_verified": false,
        "line_number": 32
      }
    ],
    "backend/tests/conftest.py": [
      {
        "type": "Secret Keyword",
        "filename": "backend/tests/conftest.py",
        "hashed_secret": "1c58bd92003bbaa0538e249fff6ee19a270dec5f",
        "is_verified": false,
        "line_number": 105
      }
    ],
    "backend/tests/test_analytics.py": [
      {
        "type": "Secret Keyword",
        "filename": "backend/tests/test_analytics.py",
        "hashed_secret": "941709c577999f72a5ad526981657c8f1a0cf0c6",
        "is_verified": false,
        "line_number": 94
      }
    ],
    "backend/tests/test_auth.py": [
      {
        "type": "Secret Keyword",
        "filename": "backend/tests/test_auth.py",
        "hashed_secret": "1816851d10187b57a93235b52495e615629f906d",
        "is_verified": false,
        "line_number": 17
      },
      {
        "type": "Secret Keyword",
        "filename": "backend/tests/test_auth.py",
        "hashed_secret": "a0f4ea7d91495df92bbac2e2149dfb850fe81396",
        "is_verified": false,
        "line_number": 54
      },
      {
        "type": "Secret Keyword",
        "filename": "backend/tests/test_auth.py",
        "hashed_secret": "1c58bd92003bbaa0538e249fff6ee19a270dec5f",
        "is_verified": false,
        "line_number": 64
      },
      {
        "type": "Secret Keyword",
        "filename": "backend/tests/test_auth.py",
        "hashed_secret": "d8ecf7db8fc9ec9c31bc5c9ae2929cc599c75f8d",
        "is_verified": false,
        "line_number": 78
      },
      {
        "type": "Secret Keyword",
        "filename": "backend/tests/test_auth.py",
        "hashed_secret": "cbfdac6008f9cab4083784cbd1874f76618d2a97",
        "is_verified": false,
        "line_number": 89
      }
    ],
    "backend/tests/test_diary_photo_order.py": [
      {
        "type": "Secret Keyword",
        "filename": "backend/tests/test_diary_photo_order.py",
        "hashed_secret": "c924626c8f6ec1426033999aa7c1fecba5f87a52",
        "is_verified": false,
        "line_number": 116
      }
    ],
    "backend/tests/test_media.py": [
      {
        "type": "Secret Keyword",
        "filename": "backend/tests/test_media.py",
        "hashed_secret": "c924626c8f6ec1426033999aa7c1fecba5f87a52",
        "is_verified": false,
        "line_number": 56
      }
    ],
    "backend/tests/test_public_share.py": [
      {
        "type": "Secret Keyword",
        "filename": "backend/tests/test_public_share.py",
        "hashed_secret": "c924626c8f6ec1426033999aa7c1fecba5f87a52",
        "is_verified": false,
        "line_number": 110
      }
    ],
    "backend/tests/test_trips.py": [
      {
        "type": "Secret Keyword",
        "filename": "backend/tests/test_trips.py",
        "hashed_secret": "661c9b0b21e467794b184ef6a77141959150ea9e",
        "is_verified": false,
        "line_number": 54
      }
    ],
    "frontend/index.html": [
      {
        "type": "Base64 High Entropy String",
        "filename": "frontend/index.html",
        "hashed_secret": "5da80c0d1153cc9a1707bc935c238bc2a3fdab73",
        "is_verified": false,
        "line_number": 21
      }
    ],
    "frontend/src/locales/de/admin.json": [
      {
        "type": "Secret Keyword",
        "filename": "frontend/src/locales/de/admin.json",
        "hashed_secret": "0719708d1cc814839bd818fdc27d446652f03383",
        "is_verified": false,
        "line_number": 52
      },
      {
        "type": "Secret Keyword",
        "filename": "frontend/src/locales/de/admin.json",
        "hashed_secret": "35775b868802ad4615991195b06fb3aa49497cc7",
        "is_verified": false,
        "line_number": 58
      },
      {
        "type": "Secret Keyword",
        "filename": "frontend/src/locales/de/admin.json",
        "hashed_secret": "839519d55cff1925c87f4762076631299f7ce56d",
        "is_verified": false,
        "line_number": 77
      }
    ],
    "frontend/src/locales/de/ai.json": [
      {
        "type": "Secret Keyword",
        "filename": "frontend/src/locales/de/ai.json",
        "hashed_secret": "a24f75c63a48219c05df0f39831e66aa1faa6189",
        "is_verified": false,
        "line_number": 12
      },
      {
        "type": "Secret Keyword",
        "filename": "frontend/src/locales/de/ai.json",
        "hashed_secret": "98845bdb23fa1cd890f365b9bdd039bec11c903a",
        "is_verified": false,
        "line_number": 27
      },
      {
        "type": "Secret Keyword",
        "filename": "frontend/src/locales/de/ai.json",
        "hashed_secret": "13668f474d9cd09f5cb08ba620dc386a6068c8dd",
        "is_verified": false,
        "line_number": 39
      },
      {
        "type": "Secret Keyword",
        "filename": "frontend/src/locales/de/ai.json",
        "hashed_secret": "7c344e0958b201d64f49ba63318d0d370c71e4de",
        "is_verified": false,
        "line_number": 40
      },
      {
        "type": "Secret Keyword",
        "filename": "frontend/src/locales/de/ai.json",
        "hashed_secret": "23526ea190410d42bede364b57975c71f93f3a45",
        "is_verified": false,
        "line_number": 41
      }
    ],
    "frontend/src/locales/de/auth.json": [
      {
        "type": "Secret Keyword",
        "filename": "frontend/src/locales/de/auth.json",
        "hashed_secret": "0719708d1cc814839bd818fdc27d446652f03383",
        "is_verified": false,
        "line_number": 6
      },
      {
        "type": "Secret Keyword",
        "filename": "frontend/src/locales/de/auth.json",
        "hashed_secret": "478b138fb0ae8fce12f93f045bcca383eedc777d",
        "is_verified": false,
        "line_number": 8
      },
      {
        "type": "Secret Keyword",
        "filename": "frontend/src/locales/de/auth.json",
        "hashed_secret": "49c64f468dd38410e128aaa8e6766b96ca50e5bc",
        "is_verified": false,
        "line_number": 9
      },
      {
        "type": "Secret Keyword",
        "filename": "frontend/src/locales/de/auth.json",
        "hashed_secret": "8e0c2f68198cc14ed88057c88564b3b0b84ab840",
        "is_verified": false,
        "line_number": 29
      },
      {
        "type": "Secret Keyword",
        "filename": "frontend/src/locales/de/auth.json",
        "hashed_secret": "35775b868802ad4615991195b06fb3aa49497cc7",
        "is_verified": false,
        "line_number": 31
      }
    ],
    "frontend/src/locales/de/settings.json": [
      {
        "type": "Secret Keyword",
        "filename": "frontend/src/locales/de/settings.json",
        "hashed_secret": "fc577f211bd35093e4895b463caa53436fff1c96",
        "is_verified": false,
        "line_number": 11
      },
      {
        "type": "Secret Keyword",
        "filename": "frontend/src/locales/de/settings.json",
        "hashed_secret": "f562caab01134c53120bd36dcda6d9d904760138",
        "is_verified": false,
        "line_number": 13
      },
      {
        "type": "Secret Keyword",
        "filename": "frontend/src/locales/de/settings.json",
        "hashed_secret": "cc5213bdfc29aa15f1e530b9676b724be010f434",
        "is_verified": false,
        "line_number": 14
      },
      {
        "type": "Secret Keyword",
        "filename": "frontend/src/locales/de/settings.json",
        "hashed_secret": "a3854a455d7e3378c6d8adf520897d79360cc553",
        "is_verified": false,
        "line_number": 15
      },
      {
        "type": "Secret Keyword",
        "filename": "frontend/src/locales/de/settings.json",
        "hashed_secret": "e686334c3bec530179fc0d6f81b75005b8a3541f",
        "is_verified": false,
        "line_number": 24
      },
      {
        "type": "Secret Keyword",
        "filename": "frontend/src/locales/de/settings.json",
        "hashed_secret": "35775b868802ad4615991195b06fb3aa49497cc7",
        "is_verified": false,
        "line_number": 25
      },
      {
        "type": "Secret Keyword",
        "filename": "frontend/src/locales/de/settings.json",
        "hashed_secret": "d9058a8fe950958c1d5cd7bc4f2ae65254190686",
        "is_verified": false,
        "line_number": 26
      },
      {
        "type": "Secret Keyword",
        "filename": "frontend/src/locales/de/settings.json",
        "hashed_secret": "de578fdd260c6ec73d6995a6b8673c2f97a53e5a",
        "is_verified": false,
        "line_number": 34
      },
      {
        "type": "Secret Keyword",
        "filename": "frontend/src/locales/de/settings.json",
        "hashed_secret": "0ae856cb9f1ce16921704a418afe40448fcbeb3c",
        "is_verified": false,
        "line_number": 36
      },
      {
        "type": "Secret Keyword",
        "filename": "frontend/src/locales/de/settings.json",
        "hashed_secret": "18af11c4f78864884dd5091412d8e6651cbb96cb",
        "is_verified": false,
        "line_number": 44
      },
      {
        "type": "Secret Keyword",
        "filename": "frontend/src/locales/de/settings.json",
        "hashed_secret": "149baefd5134b4d47360bf8ab906067cb4615ae1",
        "is_verified": false,
        "line_number": 45
      },
      {
        "type": "Secret Keyword",
        "filename": "frontend/src/locales/de/settings.json",
        "hashed_secret": "152bcb35078405a16e1146cae94d08c58315d3a8",
        "is_verified": false,
        "line_number": 46
      },
      {
        "type": "Secret Keyword",
        "filename": "frontend/src/locales/de/settings.json",
        "hashed_secret": "4b835234ac1ae320bd0d3d63e9184970d9512655",
        "is_verified": false,
        "line_number": 47
      },
      {
        "type": "Secret Keyword",
        "filename": "frontend/src/locales/de/settings.json",
        "hashed_secret": "c5da74acefd17453d98695214c404b775f0b0c88",
        "is_verified": false,
        "line_number": 48
      },
      {
        "type": "Secret Keyword",
        "filename": "frontend/src/locales/de/settings.json",
        "hashed_secret": "b20f65f5b626ed5b80d97ef397d290dd45fd2a95",
        "is_verified": false,
        "line_number": 49
      }
    ],
    "frontend/src/locales/en/admin.json": [
      {
        "type": "Secret Keyword",
        "filename": "frontend/src/locales/en/admin.json",
        "hashed_secret": "8be3c943b1609fffbfc51aad666d0a04adf83c9d",
        "is_verified": false,
        "line_number": 52
      },
      {
        "type": "Secret Keyword",
        "filename": "frontend/src/locales/en/admin.json",
        "hashed_secret": "47a760409b605b211999f45a030ef4a01f1e8bdd",
        "is_verified": false,
        "line_number": 58
      },
      {
        "type": "Secret Keyword",
        "filename": "frontend/src/locales/en/admin.json",
        "hashed_secret": "1fe494b252fb2aa66282fb3dc8a81879703ed602",
        "is_verified": false,
        "line_number": 77
      }
    ],
    "frontend/src/locales/en/ai.json": [
      {
        "type": "Secret Keyword",
        "filename": "frontend/src/locales/en/ai.json",
        "hashed_secret": "47acd2028cf81b5da88ddeedb2aea4eca4b71fbd",
        "is_verified": false,
        "line_number": 12
      },
      {
        "type": "Secret Keyword",
        "filename": "frontend/src/locales/en/ai.json",
        "hashed_secret": "b65aeda45be1d4945941161683a0b0bc47713744",
        "is_verified": false,
        "line_number": 27
      },
      {
        "type": "Secret Keyword",
        "filename": "frontend/src/locales/en/ai.json",
        "hashed_secret": "ac26a466b762c3909d05cec05a635b7ef30037f6",
        "is_verified": false,
        "line_number": 39
      },
      {
        "type": "Secret Keyword",
        "filename": "frontend/src/locales/en/ai.json",
        "hashed_secret": "4a0b705515938e624b3cd6c12a666d2fc8cb346f",
        "is_verified": false,
        "line_number": 40
      },
      {
        "type": "Secret Keyword",
        "filename": "frontend/src/locales/en/ai.json",
        "hashed_secret": "6591e16f8a3e9ca0ac1758e3c6e070631260ae2e",
        "is_verified": false,
        "line_number": 41
      }
    ],
    "frontend/src/locales/en/auth.json": [
      {
        "type": "Secret Keyword",
        "filename": "frontend/src/locales/en/auth.json",
        "hashed_secret": "8be3c943b1609fffbfc51aad666d0a04adf83c9d",
        "is_verified": false,
        "line_number": 6
      },
      {
        "type": "Secret Keyword",
        "filename": "frontend/src/locales/en/auth.json",
        "hashed_secret": "c2d404cb7bad34de0af2136b8efa809ea96170fa",
        "is_verified": false,
        "line_number": 8
      },
      {
        "type": "Secret Keyword",
        "filename": "frontend/src/locales/en/auth.json",
        "hashed_secret": "1cc8d1815154fb6f9346049babcf6b879151f5f9",
        "is_verified": false,
        "line_number": 9
      },
      {
        "type": "Secret Keyword",
        "filename": "frontend/src/locales/en/auth.json",
        "hashed_secret": "d69c3b1ac54be7da3666d9937b9c78e7c309d6e8",
        "is_verified": false,
        "line_number": 29
      },
      {
        "type": "Secret Keyword",
        "filename": "frontend/src/locales/en/auth.json",
        "hashed_secret": "3e7d56a95804ff3c322b97a7e7cdba25dc920957",
        "is_verified": false,
        "line_number": 31
      }
    ],
    "frontend/src/locales/en/settings.json": [
      {
        "type": "Secret Keyword",
        "filename": "frontend/src/locales/en/settings.json",
        "hashed_secret": "49289db43e663a3df5e2c70714722ecc54895565",
        "is_verified": false,
        "line_number": 11
      },
      {
        "type": "Secret Keyword",
        "filename": "frontend/src/locales/en/settings.json",
        "hashed_secret": "4d5967896006c8a626ecef45e6312f6fc7d5b52f",
        "is_verified": false,
        "line_number": 13
      },
      {
        "type": "Secret Keyword",
        "filename": "frontend/src/locales/en/settings.json",
        "hashed_secret": "4894cb39ee419a77b480060f3e4a6d0a4d0fa01f",
        "is_verified": false,
        "line_number": 14
      },
      {
        "type": "Secret Keyword",
        "filename": "frontend/src/locales/en/settings.json",
        "hashed_secret": "68dcd71ce6baa65ce1f3ddb3ead8f9e8f575e147",
        "is_verified": false,
        "line_number": 15
      },
      {
        "type": "Secret Keyword",
        "filename": "frontend/src/locales/en/settings.json",
        "hashed_secret": "d2c98a3ccd3706c8e941300f1ac53c8ae293b69e",
        "is_verified": false,
        "line_number": 24
      },
      {
        "type": "Secret Keyword",
        "filename": "frontend/src/locales/en/settings.json",
        "hashed_secret": "47a760409b605b211999f45a030ef4a01f1e8bdd",
        "is_verified": false,
        "line_number": 25
      },
      {
        "type": "Secret Keyword",
        "filename": "frontend/src/locales/en/settings.json",
        "hashed_secret": "e12081a4a6d4521224c6eba397f2db9b0f6fb798",
        "is_verified": false,
        "line_number": 26
      },
      {
        "type": "Secret Keyword",
        "filename": "frontend/src/locales/en/settings.json",
        "hashed_secret": "391f37debe02c13ef691c946104092ec0597c7b8",
        "is_verified": false,
        "line_number": 34
      },
      {
        "type": "Secret Keyword",
        "filename": "frontend/src/locales/en/settings.json",
        "hashed_secret": "23d127a3e4b61b7dff499efb33b609c68f366cf0",
        "is_verified": false,
        "line_number": 36
      },
      {
        "type": "Secret Keyword",
        "filename": "frontend/src/locales/en/settings.json",
        "hashed_secret": "434e051fa0bfaccf08bce92e45d6902a041951b3",
        "is_verified": false,
        "line_number": 44
      },
      {
        "type": "Secret Keyword",
        "filename": "frontend/src/locales/en/settings.json",
        "hashed_secret": "54543f27248d368305d0ba8a900145754b5bd85c",
        "is_verified": false,
        "line_number": 45
      },
      {
        "type": "Secret Keyword",
        "filename": "frontend/src/locales/en/settings.json",
        "hashed_secret": "22106fa291fbeb322b5be2b7dcd14b53bceda235",
        "is_verified": false,
        "line_number": 46
      },
      {
        "type": "Secret Keyword",
        "filename": "frontend/src/locales/en/settings.json",
        "hashed_secret": "edeedcf8fd4f70684e4db9f0ce1933a70de99a88",
        "is_verified": false,
        "line_number": 47
      },
      {
        "type": "Secret Keyword",
        "filename": "frontend/src/locales/en/settings.json",
        "hashed_secret": "0ba09d860900173214ac75e2a11779dbe0888e5f",
        "is_verified": false,
        "line_number": 48
      },
      {
        "type": "Secret Keyword",
        "filename": "frontend/src/locales/en/settings.json",
        "hashed_secret": "53e3f368d1643add133b50e7c17c83d9dfc9e54e",
        "is_verified": false,
        "line_number": 49
      }
    ],
    "frontend/src/locales/es/admin.json": [
      {
        "type": "Secret Keyword",
        "filename": "frontend/src/locales/es/admin.json",
        "hashed_secret": "5a6d1c612954979ea99ee33dbb2d231b00f6ac0a",
        "is_verified": false,
        "line_number": 52
      },
      {
        "type": "Secret Keyword",
        "filename": "frontend/src/locales/es/admin.json",
        "hashed_secret": "6dfc197e19bc91e9ea1e713af1afa590bcb91529",
        "is_verified": false,
        "line_number": 58
      },
      {
        "type": "Secret Keyword",
        "filename": "frontend/src/locales/es/admin.json",
        "hashed_secret": "88ef94d566bb59b5da37aae3e45ac90f5cd44eba",
        "is_verified": false,
        "line_number": 77
      }
    ],
    "frontend/src/locales/es/ai.json": [
      {
        "type": "Secret Keyword",
        "filename": "frontend/src/locales/es/ai.json",
        "hashed_secret": "738062e044fe3fd0ce2e12986c261239ad590b5d",
        "is_verified": false,
        "line_number": 12
      },
      {
        "type": "Secret Keyword",
        "filename": "frontend/src/locales/es/ai.json",
        "hashed_secret": "4987bee9723790a1b7eb228f860126df1204f776",
        "is_verified": false,
        "line_number": 39
      },
      {
        "type": "Secret Keyword",
        "filename": "frontend/src/locales/es/ai.json",
        "hashed_secret": "37ab00949f603dea669e1745f3beff2aa1624d08",
        "is_verified": false,
        "line_number": 40
      },
      {
        "type": "Secret Keyword",
        "filename": "frontend/src/locales/es/ai.json",
        "hashed_secret": "82f17fc12b4f1f88769721cd70909cfbea21c01f",
        "is_verified": false,
        "line_number": 41
      }
    ],
    "frontend/src/locales/es/auth.json": [
      {
        "type": "Secret Keyword",
        "filename": "frontend/src/locales/es/auth.json",
        "hashed_secret": "5a6d1c612954979ea99ee33dbb2d231b00f6ac0a",
        "is_verified": false,
        "line_number": 6
      },
      {
        "type": "Secret Keyword",
        "filename": "frontend/src/locales/es/auth.json",
        "hashed_secret": "1cf31e02bf7c19d36f7fd85ca673beb6ab075457",
        "is_verified": false,
        "line_number": 8
      },
      {
        "type": "Secret Keyword",
        "filename": "frontend/src/locales/es/auth.json",
        "hashed_secret": "d4c5cdf17c6b6a46dd939ad3f9304e726e60384f",
        "is_verified": false,
        "line_number": 29
      },
      {
        "type": "Secret Keyword",
        "filename": "frontend/src/locales/es/auth.json",
        "hashed_secret": "6dfc197e19bc91e9ea1e713af1afa590bcb91529",
        "is_verified": false,
        "line_number": 31
      }
    ],
    "frontend/src/locales/es/settings.json": [
      {
        "type": "Secret Keyword",
        "filename": "frontend/src/locales/es/settings.json",
        "hashed_secret": "0d53f4632f3a63e8e471ec33ed9b9e6b7ea04218",
        "is_verified": false,
        "line_number": 11
      },
      {
        "type": "Secret Keyword",
        "filename": "frontend/src/locales/es/settings.json",
        "hashed_secret": "6848bf99f0e8cbaa9e3afe15724b0592761c9895",
        "is_verified": false,
        "line_number": 13
      },
      {
        "type": "Secret Keyword",
        "filename": "frontend/src/locales/es/settings.json",
        "hashed_secret": "5c4fd97e2a15c79704240a32808c4c20f2f40451",
        "is_verified": false,
        "line_number": 14
      },
      {
        "type": "Secret Keyword",
        "filename": "frontend/src/locales/es/settings.json",
        "hashed_secret": "576af123ab4068aa7ce9f010866850f7ad4c002f",
        "is_verified": false,
        "line_number": 15
      },
      {
        "type": "Secret Keyword",
        "filename": "frontend/src/locales/es/settings.json",
        "hashed_secret": "765294f5f2dd1748dbd78e9b59afc3a1787697a2",
        "is_verified": false,
        "line_number": 24
      },
      {
        "type": "Secret Keyword",
        "filename": "frontend/src/locales/es/settings.json",
        "hashed_secret": "6dfc197e19bc91e9ea1e713af1afa590bcb91529",
        "is_verified": false,
        "line_number": 25
      },
      {
        "type": "Secret Keyword",
        "filename": "frontend/src/locales/es/settings.json",
        "hashed_secret": "8f53d92b30e3057307ff236c4071d37a4b75ed2a",
        "is_verified": false,
        "line_number": 26
      },
      {
        "type": "Secret Keyword",
        "filename": "frontend/src/locales/es/settings.json",
        "hashed_secret": "7871fb5c037ebcfba133201dd7401d6e49c993ed",
        "is_verified": false,
        "line_number": 34
      },
      {
        "type": "Secret Keyword",
        "filename": "frontend/src/locales/es/settings.json",
        "hashed_secret": "f4b144bf0184192f880a62850b28b0da03fbfa47",
        "is_verified": false,
        "line_number": 36
      },
      {
        "type": "Secret Keyword",
        "filename": "frontend/src/locales/es/settings.json",
        "hashed_secret": "f865d2d42a3d11bd5e722810dcc88e6e8d090af5",
        "is_verified": false,
        "line_number": 44
      },
      {
        "type": "Secret Keyword",
        "filename": "frontend/src/locales/es/settings.json",
        "hashed_secret": "2d917cac63a95dad3367440bf6c8c17495cf08ae",
        "is_verified": false,
        "line_number": 45
      },
      {
        "type": "Secret Keyword",
        "filename": "frontend/src/locales/es/settings.json",
        "hashed_secret": "f4e0b11248201847863ebae2c8e4cbaaf8e197ff",
        "is_verified": false,
        "line_number": 46
      },
      {
        "type": "Secret Keyword",
        "filename": "frontend/src/locales/es/settings.json",
        "hashed_secret": "bf95a3d45801729303904008ba70b02825722dc5",
        "is_verified": false,
        "line_number": 47
      },
      {
        "type": "Secret Keyword",
        "filename": "frontend/src/locales/es/settings.json",
        "hashed_secret": "50a3607dd5b17c835491bb7f11f0ceac8a2c97db",
        "is_verified": false,
        "line_number": 49
      }
    ],
    "frontend/src/locales/fr/admin.json": [
      {
        "type": "Secret Keyword",
        "filename": "frontend/src/locales/fr/admin.json",
        "hashed_secret": "94e2f3ee14b92e2e675a8f6118d28738dbf5c6ba",
        "is_verified": false,
        "line_number": 52
      },
      {
        "type": "Secret Keyword",
        "filename": "frontend/src/locales/fr/admin.json",
        "hashed_secret": "d4f87bac0a8a89fae4c42cb4e4443806272b9076",
        "is_verified": false,
        "line_number": 58
      },
      {
        "type": "Secret Keyword",
        "filename": "frontend/src/locales/fr/admin.json",
        "hashed_secret": "748180f7f4d0f35916667f4c8da8944cb7475695",
        "is_verified": false,
        "line_number": 77
      }
    ],
    "frontend/src/locales/fr/ai.json": [
      {
        "type": "Secret Keyword",
        "filename": "frontend/src/locales/fr/ai.json",
        "hashed_secret": "b58576571f19a080a0abf5128c7a5733851bb57d",
        "is_verified": false,
        "line_number": 12
      },
      {
        "type": "Secret Keyword",
        "filename": "frontend/src/locales/fr/ai.json",
        "hashed_secret": "ef059ab3f1422e4fe2203bf9ed0056307705ae39",
        "is_verified": false,
        "line_number": 27
      },
      {
        "type": "Secret Keyword",
        "filename": "frontend/src/locales/fr/ai.json",
        "hashed_secret": "27668083d15035172ffddc206ea05efc71feac86",
        "is_verified": false,
        "line_number": 39
      },
      {
        "type": "Secret Keyword",
        "filename": "frontend/src/locales/fr/ai.json",
        "hashed_secret": "48eb8ee302cf69dad83128edd487fa5c8bb77456",
        "is_verified": false,
        "line_number": 40
      },
      {
        "type": "Secret Keyword",
        "filename": "frontend/src/locales/fr/ai.json",
        "hashed_secret": "3fe7437067f381d7236bee7bed5f270d9f95c067",
        "is_verified": false,
        "line_number": 41
      }
    ],
    "frontend/src/locales/fr/auth.json": [
      {
        "type": "Secret Keyword",
        "filename": "frontend/src/locales/fr/auth.json",
        "hashed_secret": "94e2f3ee14b92e2e675a8f6118d28738dbf5c6ba",
        "is_verified": false,
        "line_number": 6
      },
      {
        "type": "Secret Keyword",
        "filename": "frontend/src/locales/fr/auth.json",
        "hashed_secret": "88362d0d044cf4144e78f646e101110e3f44a9e5",
        "is_verified": false,
        "line_number": 8
      },
      {
        "type": "Secret Keyword",
        "filename": "frontend/src/locales/fr/auth.json",
        "hashed_secret": "d95cb56a7a9d98623243e57714e5a93c0cee992e",
        "is_verified": false,
        "line_number": 9
      },
      {
        "type": "Secret Keyword",
        "filename": "frontend/src/locales/fr/auth.json",
        "hashed_secret": "c1a3d196da57a31bc8f209f520d7b1453bf18313",
        "is_verified": false,
        "line_number": 29
      },
      {
        "type": "Secret Keyword",
        "filename": "frontend/src/locales/fr/auth.json",
        "hashed_secret": "d4f87bac0a8a89fae4c42cb4e4443806272b9076",
        "is_verified": false,
        "line_number": 31
      }
    ],
    "frontend/src/locales/fr/settings.json": [
      {
        "type": "Secret Keyword",
        "filename": "frontend/src/locales/fr/settings.json",
        "hashed_secret": "4ad8d63169101cdbed62ae86f7bd8896fc591b22",
        "is_verified": false,
        "line_number": 11
      },
      {
        "type": "Secret Keyword",
        "filename": "frontend/src/locales/fr/settings.json",
        "hashed_secret": "f924297673a9a6a8f9362349954b1e5273549e28",
        "is_verified": false,
        "line_number": 13
      },
      {
        "type": "Secret Keyword",
        "filename": "frontend/src/locales/fr/settings.json",
        "hashed_secret": "3a7138292007e17c98448b319ca6f2f6b63980f8",
        "is_verified": false,
        "line_number": 14
      },
      {
        "type": "Secret Keyword",
        "filename": "frontend/src/locales/fr/settings.json",
        "hashed_secret": "165e58ddda79c3cc6d897468c99a8238aebde92a",
        "is_verified": false,
        "line_number": 15
      },
      {
        "type": "Secret Keyword",
        "filename": "frontend/src/locales/fr/settings.json",
        "hashed_secret": "688dc606ea90f812bba80b914fc89a5f00ea8540",
        "is_verified": false,
        "line_number": 24
      },
      {
        "type": "Secret Keyword",
        "filename": "frontend/src/locales/fr/settings.json",
        "hashed_secret": "d4f87bac0a8a89fae4c42cb4e4443806272b9076",
        "is_verified": false,
        "line_number": 25
      },
      {
        "type": "Secret Keyword",
        "filename": "frontend/src/locales/fr/settings.json",
        "hashed_secret": "e58b55825d06f7287df0e1f3eb8e6cc8c69665dc",
        "is_verified": false,
        "line_number": 26
      },
      {
        "type": "Secret Keyword",
        "filename": "frontend/src/locales/fr/settings.json",
        "hashed_secret": "ae48ed7224c15dece7a2c035813be669643be871",
        "is_verified": false,
        "line_number": 34
      },
      {
        "type": "Secret Keyword",
        "filename": "frontend/src/locales/fr/settings.json",
        "hashed_secret": "82b7a3daec8dc7c54be3dcc9d65d8844acf262ec",
        "is_verified": false,
        "line_number": 36
      },
      {
        "type": "Secret Keyword",
        "filename": "frontend/src/locales/fr/settings.json",
        "hashed_secret": "79ab94a7af106f49ab5d0616095c86619dc91650",
        "is_verified": false,
        "line_number": 44
      },
      {
        "type": "Secret Keyword",
        "filename": "frontend/src/locales/fr/settings.json",
        "hashed_secret": "3ed441443313dd77d7a3801ea60a1bad7f8f9d87",
        "is_verified": false,
        "line_number": 45
      },
      {
        "type": "Secret Keyword",
        "filename": "frontend/src/locales/fr/settings.json",
        "hashed_secret": "c34f1f648cccb6345ceba713245c3b063f18405b",
        "is_verified": false,
        "line_number": 46
      },
      {
        "type": "Secret Keyword",
        "filename": "frontend/src/locales/fr/settings.json",
        "hashed_secret": "e0b4cbdb1d4452b6f8a360b1f94306d1687edc8a",
        "is_verified": false,
        "line_number": 48
      },
      {
        "type": "Secret Keyword",
        "filename": "frontend/src/locales/fr/settings.json",
        "hashed_secret": "8e90dca4828970ace7048c2968ed31b0b39dd8c2",
        "is_verified": false,
        "line_number": 49
      }
    ]
  },
  "generated_at": "2026-08-25T12:45:26Z"
}
